AR addrselect dataflow E:/rsun/AudioPlayerECDemoVersion/AudioPlayer/AddrSelect.vhd sub00/vhpl05 1542705715
AR playerfsm structural E:/rsun/AudioPlayerECDemoVersion/AudioPlayer/PlayerFsm.vhd sub00/vhpl01 1542705709
AR audioplayer dataflow E:/rsun/AudioPlayerECDemoVersion/AudioPlayer/AudioPlayer.vhd sub00/vhpl09 1542705719
EN pwmcomparator NULL E:/rsun/AudioPlayerECDemoVersion/AudioPlayer/PwmComparator.vhd sub00/vhpl06 1542705716
AR syslfsr dataflow E:/rsun/AudioPlayerECDemoVersion/AudioPlayer/SysLfsr.vhd sub00/vhpl11 1542705713
EN playerfsm NULL E:/rsun/AudioPlayerECDemoVersion/AudioPlayer/PlayerFsm.vhd sub00/vhpl00 1542705708
EN syscounter NULL E:/rsun/AudioPlayerECDemoVersion/AudioPlayer/SysCounter.vhd sub00/vhpl02 1542705710
EN syslfsr NULL E:/rsun/AudioPlayerECDemoVersion/AudioPlayer/SysLfsr.vhd sub00/vhpl10 1542705712
AR pwmcomparator dataflow E:/rsun/AudioPlayerECDemoVersion/AudioPlayer/PwmComparator.vhd sub00/vhpl07 1542705717
EN addrselect NULL E:/rsun/AudioPlayerECDemoVersion/AudioPlayer/AddrSelect.vhd sub00/vhpl04 1542705714
EN audioplayer NULL E:/rsun/AudioPlayerECDemoVersion/AudioPlayer/AudioPlayer.vhd sub00/vhpl08 1542705718
AR syscounter dataflow E:/rsun/AudioPlayerECDemoVersion/AudioPlayer/SysCounter.vhd sub00/vhpl03 1542705711
